// Jest Snapshot v1, https://goo.gl/fbAQLP

exports[`Home renders correctly 1`] = `
Array [
  <a
    className="makeStyles-link-1"
    onClick={[Function]}
  >
    Click to make request to backend
  </a>,
  "",
  "",
  <a
    className="makeStyles-link-1"
    href="/admin"
  >
    Admin Dashboard
  </a>,
  <a
    className="makeStyles-link-1"
    href="/protected"
  >
    Protected Route
  </a>,
  <a
    className="makeStyles-link-1"
    href="/login"
  >
    Login
  </a>,
]
`;
